// Jest Snapshot v1, https://goo.gl/fbAQLP

exports[`Album view test Should render proper html 1`] = `
<div
  className="box-container"
>
  <div
    className="section-buttons"
  >
    <button
      onClick={[Function]}
      type="button"
    >
      &lt; Voltar
    </button>
  </div>
  <div
    className="box"
  >
    <div
      className="box-album"
    >
      <img
        alt="Doo-Wops & Hooligans"
        height={298}
        src="https://i.scdn.co/image/3d279adc8126da0e4b6f2247a6e1dbfbc559e1ac"
        width={300}
      />
      <p>
        Doo-Wops & Hooligans
      </p>
      <p
        className="text-grey"
      >
        Bruno Mars
      </p>
    </div>
    <div
      className="box-tracks"
    >
      <div
        className="track"
      >
        <p
          className="text-grey"
        >
          1
          .
        </p>
        <p
          className="track-name"
        >
          Grenade
        </p>
        <p
          className="text-grey"
        >
          3:43
        </p>
      </div>
      <div
        className="track"
      >
        <p
          className="text-grey"
        >
          2
          .
        </p>
        <p
          className="track-name"
        >
          Just the Way You Are
        </p>
        <p
          className="text-grey"
        >
          3:41
        </p>
      </div>
      <div
        className="track"
      >
        <p
          className="text-grey"
        >
          3
          .
        </p>
        <p
          className="track-name"
        >
          Our First Time
        </p>
        <p
          className="text-grey"
        >
          4:03
        </p>
      </div>
      <div
        className="track"
      >
        <p
          className="text-grey"
        >
          4
          .
        </p>
        <p
          className="track-name"
        >
          Runaway Baby
        </p>
        <p
          className="text-grey"
        >
          2:28
        </p>
      </div>
      <div
        className="track"
      >
        <p
          className="text-grey"
        >
          5
          .
        </p>
        <p
          className="track-name"
        >
          The Lazy Song
        </p>
        <p
          className="text-grey"
        >
          3:10
        </p>
      </div>
      <div
        className="track"
      >
        <p
          className="text-grey"
        >
          6
          .
        </p>
        <p
          className="track-name"
        >
          Marry You
        </p>
        <p
          className="text-grey"
        >
          3:50
        </p>
      </div>
      <div
        className="track"
      >
        <p
          className="text-grey"
        >
          7
          .
        </p>
        <p
          className="track-name"
        >
          Talking to the Moon
        </p>
        <p
          className="text-grey"
        >
          3:38
        </p>
      </div>
      <div
        className="track"
      >
        <p
          className="text-grey"
        >
          8
          .
        </p>
        <p
          className="track-name"
        >
          Liquor Store Blues (feat. Damian Marley)
        </p>
        <p
          className="text-grey"
        >
          3:49
        </p>
      </div>
      <div
        className="track"
      >
        <p
          className="text-grey"
        >
          9
          .
        </p>
        <p
          className="track-name"
        >
          Count on Me - EP Version
        </p>
        <p
          className="text-grey"
        >
          3:17
        </p>
      </div>
      <div
        className="track"
      >
        <p
          className="text-grey"
        >
          10
          .
        </p>
        <p
          className="track-name"
        >
          The Other Side (feat. CeeLo Green and B.o.B) - EP Version
        </p>
        <p
          className="text-grey"
        >
          3:48
        </p>
      </div>
      <div
        className="track"
      >
        <p
          className="text-grey"
        >
          11
          .
        </p>
        <p
          className="track-name"
        >
          Somewhere in Brooklyn - EP Version
        </p>
        <p
          className="text-grey"
        >
          3:02
        </p>
      </div>
      <div
        className="track"
      >
        <p
          className="text-grey"
        >
          12
          .
        </p>
        <p
          className="track-name"
        >
          Talking to the Moon - Acoustic Piano Version
        </p>
        <p
          className="text-grey"
        >
          3:38
        </p>
      </div>
    </div>
  </div>
</div>
`;
